Init... (0)
Cleanup...
OK...
Init... (1)
Cleanup...
OK...
Init... (2)
Cleanup...
OK...
Init... (3)
Cleanup...
OK...
