true.

true.

true.

true.

true.

true.

true.

true.

true.

true.

true.

true.

true.

KIND=cancel, HID=0, PIDS=[0], CIDS=[3]
KIND=cancel, HID=0, PIDS=[1], CIDS=[1]
false.


