l = [42]
l = [73]
l1 = []
l2 = []
l1 = [0]
l2 = [0]
l1 = [1, 2, 3]
l2 = [1, 2, 3]
