Running toplevel.

true.


Successfully ran the toplevel!
