SWI-prolog version: 9.0.3
FLI: 2
REC: 3
QLF: 68
QLF_LOAD: 68
VM: 2678345669
BUILT_IN: not initialised yet
